../Core/Src/main.c:104:6:HAL_UART_RxCpltCallback	16	static
../Core/Src/main.c:126:6:flash_dot	8	static
../Core/Src/main.c:133:6:flash_dash	8	static
../Core/Src/main.c:139:13:get_morse	24	static
../Core/Src/main.c:146:6:convert_to_morse	32	static
../Core/Src/main.c:161:5:main	16	static
../Core/Src/main.c:215:6:SystemClock_Config	88	static
../Core/Src/main.c:273:13:MX_ETH_Init	8	static
../Core/Src/main.c:322:13:MX_USART3_UART_Init	8	static
../Core/Src/main.c:357:13:MX_USB_OTG_FS_PCD_Init	8	static
../Core/Src/main.c:392:13:MX_GPIO_Init	56	static
../Core/Src/main.c:452:6:Error_Handler	4	static,ignoring_inline_asm
